// Jest Snapshot v1, https://goo.gl/fbAQLP

exports[`Welcome renders correctly 1`] = `
<Welcome__WelcomeWrapper>
  <Avatar
    alt="id"
    src="data:image/png;base64,00"
  />
  <Welcome__Message>
    Howdy
    , 
    <span>
      id
    </span>
    !
  </Welcome__Message>
</Welcome__WelcomeWrapper>
`;
