// Jest Snapshot v1, https://goo.gl/fbAQLP

exports[`SpotifyButton renders correctly 1`] = `
<SpotifyButton
  onClick={[MockFunction]}
  text="LOREM IPSUM"
  theme={
    Object {
      "colors": Object {
        "a": "#FFFFFF",
        "apple": Object {
          "systemBlue": "#0A84FF",
          "systemGreen": "#30D158",
        },
        "b": "#0028B3",
        "c": "#FFB948",
        "d": "#F52174",
        "e": "#000000",
        "f": "#CECECE",
        "g": "#353535",
        "h": "#DFDFDF",
        "spotify": Object {
          "green": "#1DB954",
          "greenHover": "#1ED760",
          "red": "#E10000",
          "redHover": "#F8000A",
        },
      },
      "fonts": Object {
        "body": "'Montserrat', sans-serif",
      },
      "sizes": Object {
        "appMaxWidth": 768,
        "headerHeight": 60,
        "phi": 1.61803398875,
      },
    }
  }
/>
`;
